// Jest Snapshot v1, https://goo.gl/fbAQLP

exports[`<ItemsEnzyme /> renders correctly, test using Jest + Enzyme 1`] = `
<View
  style={
    Object {
      "alignItems": "center",
      "flex": 1,
      "justifyContent": "center",
    }
  }
  testID="todo-item"
>
  <Text>
    Sanjib
  </Text>
  <Text
    testID="countText"
  >
    Count : 
    0
  </Text>
  <Text
    style={
      Object {
        "color": "black",
        "fontSize": 18,
      }
    }
  >
    Items
  </Text>
  <Button
    onPress={[Function]}
    testID="myButton"
    title="Click"
  />
</View>
`;
